==============================================================================
콜드 스타트 실측 — 기억이 없을 때 캐릭터는 무엇을 하는가
==============================================================================

첫 세션에는 참인 과거가 없다. **과거를 단정하면 전부 환각이다.**
프로브 3개 × 4회 = 조건당 12회

  조건                             환각      회피      되묻기
  ----------------------------------------------------
  S0 블록 생략                  1/12    8%     50%      58%
  S1 빈 블록 명시                0/12    0%      8%      58%
  S2 + 첫 대화임을 명시            1/12    8%      8%      50%
  S3 + 되묻기 지시               0/12    0%     42%      75%

------------------------------------------------------------------------------
해석
------------------------------------------------------------------------------
  블록 생략 8%  →  전부 적용 0%   (환각률)
  🟢 **비어 있음을 명시하면 환각이 준다.** 블록을 생략하는 것과
     '(아직 없음)'이라고 쓰는 것은 다르다 — 후자는 **메타기억**이다.
     [실험 13](../docs/11-experiment-results.md)의 '모른다고 말하려면 무엇을 아는지를
     알아야 한다'가 **빈 기억에도 적용**된다.

  되묻기 비율이 오르면 [16 §5 결정 2](../docs/16-design-elements.md)
  (*첫 세션은 캐릭터가 묻는다*)가 프롬프트만으로 구현 가능하다는 뜻이다.

⚠️ 한계: 프로브 3개 · 조건당 12회 · 단일 모델. 정규식 판정이라 뉘앙스를 놓친다.
==============================================================================
