==============================================================================
요약 드리프트 실측 — 사슬이 길어지면 무엇이 새는가
==============================================================================

세션 12개 · 이 구간에 심긴 대장 항목 **11개**
두 정책이 **같은 원본**에서 출발해 같은 항목을 몇 개 남기는지 본다.

  정책                                  생존     사슬 깊이
  --------------------------------------------------
  P2 증분 (요약의 요약)                 1/11        12
  P4 깊이2 (세션요약에서)                1/11         2

------------------------------------------------------------------------------
해석
------------------------------------------------------------------------------
  ⚪ **차이가 없다** (1개로 동일). 세션 12개로는 사슬이
     충분히 길지 않았을 수 있다. ADR-013은 **비용 근거만으로** 남는다.

  P2가 잃은 것 (10):
    · 지우의 고양이 이름은 나비
    · 지우는 마케팅 회사 대리
    · 지우는 카페인에 민감해서 커피를 못 마심
    · 지우에게 여동생이 한 명 있음
    · 서준은 대학에서 지우보다 2년 선배
  P4가 잃은 것 (10):
    · 지우의 고양이 이름은 나비
    · 지우는 마케팅 회사 대리
    · 지우는 카페인에 민감해서 커피를 못 마심
    · 지우에게 여동생이 한 명 있음
    · 서준은 대학에서 지우보다 2년 선배

------------------------------------------------------------------------------
최종 요약문
------------------------------------------------------------------------------
  [P2] 서준이 지우의 이직 준비 소식을 공유하며 대화를 시도했으나, 지우는 여전히 무관심과 부정적인 태도로 일관하며 소통을 거부했습니다. 물리적 거리를 좁히려는 서준의 노력에도 불구하고 두 사람 사이의 대화는 단절되었고 갈등은 지속되었습니다. 이전의 냉소적인 분위기가 이번에도 이어지며 관계는 진전 없이 냉랭한 상태에 머물렀습니다.

**[타임라인 및 관계 변화]*

  [P4] 대학 선후배 사이인 서준과 지우는 초기부터 서준의 냉담하고 무관심한 태도로 인해 소통에 어려움을 겪으며 건조한 관계를 지속했습니다. 두 사람은 식사, 업무, 건강 등 일상을 꾸준히 공유했으나 서준의 단답형 반응과 회피적인 태도로 인해 깊은 교감은 형성되지 않았습니다. 관계가 정체된 상황 속에서도 서준이 지우를 집 앞까지 데려다주는 등 소소한 변화는 있었으나

------------------------------------------------------------------------------
⚠️ 한계
------------------------------------------------------------------------------
  · 세션 12개다. 실제 문제 구간은 100~400세션이고 **거기서 격차가 벌어질 것**이다
  · 생존 판정이 어근 겹침 0.5다. 의역을 놓칠 수 있다
  · 1회 실행 · 단일 모델. [실험 14](../docs/11-experiment-results.md)의 교훈대로 순위만 읽을 것
  · 요약 품질(읽기 좋은가)은 안 쟀다. **정보 생존만** 본다

==============================================================================
